[2025-08-17 14:32:04] 更新描述:
使用 Vercel v2 配置格式
>>> git add .


>>> git commit -m "使用 Vercel v2 配置格式"
unsupported operand type(s) for +: 'NoneType' and 'str'

>>> git push origin main
To https://github.com/eric761231/SatirIceBergWeb.git
   0b26c94..65a063f  main -> main


>>> vercel ls
Vercel CLI 46.0.1
Error: Command `vercel list` requires confirmation. Use option "--yes" to confirm.


>>> vercel inspect
can only concatenate str (not "NoneType") to str
============================================================
[2025-08-17 14:34:26] 更新描述:
使用 Vercel v2 配置格式
>>> git add .


>>> git commit -m "使用 Vercel v2 配置格式"
unsupported operand type(s) for +: 'NoneType' and 'str'

>>> git push origin main
To https://github.com/eric761231/SatirIceBergWeb.git
   65a063f..64ce896  main -> main


>>> vercel ls
Vercel CLI 46.0.1
Error: Command `vercel list` requires confirmation. Use option "--yes" to confirm.


>>> vercel inspect
can only concatenate str (not "NoneType") to str
============================================================
[2025-08-17 14:39:50] 更新描述:
修正vercel.json
>>> git add .


>>> git commit -m '修正vercel.json'
[main c61bb25] '修正vercel.json'
 3 files changed, 21 insertions(+)
 delete mode 100644 api-config.json


>>> git push origin main
To https://github.com/eric761231/SatirIceBergWeb.git
   64ce896..c61bb25  main -> main


>>> vercel ls
Vercel CLI 46.0.1
Loading scopes…
Searching for existing projects…
Local settings detected in vercel.json:
No framework detected. Default Project Settings:
- Build Command: `npm run vercel-build` or `npm run build`
- Development Command: None
- Install Command: `yarn install`, `pnpm install`, `npm install`, or `bun install`
- Output Directory: `public` if it exists, or `.`
Linked to eric761231s-projects/test_iceberg (created .vercel and added it to .gitignore)
Fetching deployments in eric761231s-projects
> No deployments found.


>>> vercel inspect
Vercel CLI 46.0.1
Error: `vercel inspect <url>` expects exactly one argument

  ▲ vercel inspect url|deploymentId [options]

  Show information about a deployment.                                          

  Options:

  -l,  --logs            Prints the build logs instead of the deployment summary     
       --timeout <TIME>  Time to wait for deployment completion [3m]                 
       --wait            Blocks until deployment completes                           


  Global Options:

       --cwd <DIR>            Sets the current working directory for a single   
                              run of a command                                  
  -d,  --debug                Debug mode (default off)                          
  -Q,  --global-config <DIR>  Path to the global `.vercel` directory            
  -h,  --help                 Output usage information                          
  -A,  --local-config <FILE>  Path to the local `vercel.json` file              
       --no-color             No color mode (default off)                       
  -S,  --scope                Set a custom scope                                
  -t,  --token <TOKEN>        Login token                                       
  -v,  --version              Output the version number                         


  Examples:

  - Get information about a deployment by its unique URL

    $ vercel inspect my-deployment-ji2fjij2.vercel.app

  - Get information about the deployment an alias points to

    $ vercel inspect my-deployment.vercel.app

  - Get information about a deployment by piping in the URL

    $ echo my-deployment.vercel.app | vercel inspect

  - Wait up to 90 seconds for deployment to complete

    $ vercel inspect my-deployment.vercel.app --wait --timeout 90s

  - Get deployment build logs

    $ vercel inspect my-deployment.vercel.app --logs


============================================================
[2025-08-17 14:43:37] 更新描述:
修正routes屬性名稱為src和dest
>>> git add .


>>> git commit -m '修正routes屬性名稱為src和dest'
[main 7a9d562] '修正routes屬性名稱為src和dest'
 3 files changed, 96 insertions(+), 11 deletions(-)


>>> git push origin main
To https://github.com/eric761231/SatirIceBergWeb.git
   c61bb25..7a9d562  main -> main


>>> vercel ls
Vercel CLI 46.0.1
Retrieving project…
Fetching deployments in eric761231s-projects
> No deployments found.


>>> vercel inspect
Vercel CLI 46.0.1
Error: `vercel inspect <url>` expects exactly one argument

  ▲ vercel inspect url|deploymentId [options]

  Show information about a deployment.                                          

  Options:

  -l,  --logs            Prints the build logs instead of the deployment summary     
       --timeout <TIME>  Time to wait for deployment completion [3m]                 
       --wait            Blocks until deployment completes                           


  Global Options:

       --cwd <DIR>            Sets the current working directory for a single   
                              run of a command                                  
  -d,  --debug                Debug mode (default off)                          
  -Q,  --global-config <DIR>  Path to the global `.vercel` directory            
  -h,  --help                 Output usage information                          
  -A,  --local-config <FILE>  Path to the local `vercel.json` file              
       --no-color             No color mode (default off)                       
  -S,  --scope                Set a custom scope                                
  -t,  --token <TOKEN>        Login token                                       
  -v,  --version              Output the version number                         


  Examples:

  - Get information about a deployment by its unique URL

    $ vercel inspect my-deployment-ji2fjij2.vercel.app

  - Get information about the deployment an alias points to

    $ vercel inspect my-deployment.vercel.app

  - Get information about a deployment by piping in the URL

    $ echo my-deployment.vercel.app | vercel inspect

  - Wait up to 90 seconds for deployment to complete

    $ vercel inspect my-deployment.vercel.app --wait --timeout 90s

  - Get deployment build logs

    $ vercel inspect my-deployment.vercel.app --logs


============================================================
[2025-08-17 14:46:21] 更新描述:
將routes改為rewrites
>>> git add .


>>> git commit -m '將routes改為rewrites'
[main f584b28] '將routes改為rewrites'
 2 files changed, 87 insertions(+), 12 deletions(-)


>>> git push origin main
To https://github.com/eric761231/SatirIceBergWeb.git
   7a9d562..f584b28  main -> main


>>> vercel ls
Vercel CLI 46.0.1
Retrieving project…
Fetching deployments in eric761231s-projects
> No deployments found.


>>> vercel inspect
Vercel CLI 46.0.1
Error: `vercel inspect <url>` expects exactly one argument

  ▲ vercel inspect url|deploymentId [options]

  Show information about a deployment.                                          

  Options:

  -l,  --logs            Prints the build logs instead of the deployment summary     
       --timeout <TIME>  Time to wait for deployment completion [3m]                 
       --wait            Blocks until deployment completes                           


  Global Options:

       --cwd <DIR>            Sets the current working directory for a single   
                              run of a command                                  
  -d,  --debug                Debug mode (default off)                          
  -Q,  --global-config <DIR>  Path to the global `.vercel` directory            
  -h,  --help                 Output usage information                          
  -A,  --local-config <FILE>  Path to the local `vercel.json` file              
       --no-color             No color mode (default off)                       
  -S,  --scope                Set a custom scope                                
  -t,  --token <TOKEN>        Login token                                       
  -v,  --version              Output the version number                         


  Examples:

  - Get information about a deployment by its unique URL

    $ vercel inspect my-deployment-ji2fjij2.vercel.app

  - Get information about the deployment an alias points to

    $ vercel inspect my-deployment.vercel.app

  - Get information about a deployment by piping in the URL

    $ echo my-deployment.vercel.app | vercel inspect

  - Wait up to 90 seconds for deployment to complete

    $ vercel inspect my-deployment.vercel.app --wait --timeout 90s

  - Get deployment build logs

    $ vercel inspect my-deployment.vercel.app --logs


============================================================
[2025-08-17 14:48:05] 更新描述:
將原本無效的靜態檔案pattern拆分為多條正確格式
>>> git add .


>>> git commit -m '將原本無效的靜態檔案pattern拆分為多條正確格式'
[main b6242d0] '將原本無效的靜態檔案pattern拆分為多條正確格式'
 2 files changed, 87 insertions(+), 1 deletion(-)


>>> git push origin main
To https://github.com/eric761231/SatirIceBergWeb.git
   f584b28..b6242d0  main -> main


>>> vercel ls
Vercel CLI 46.0.1
Retrieving project…
Fetching deployments in eric761231s-projects
> No deployments found.


>>> vercel inspect
Vercel CLI 46.0.1
Error: `vercel inspect <url>` expects exactly one argument

  ▲ vercel inspect url|deploymentId [options]

  Show information about a deployment.                                          

  Options:

  -l,  --logs            Prints the build logs instead of the deployment summary     
       --timeout <TIME>  Time to wait for deployment completion [3m]                 
       --wait            Blocks until deployment completes                           


  Global Options:

       --cwd <DIR>            Sets the current working directory for a single   
                              run of a command                                  
  -d,  --debug                Debug mode (default off)                          
  -Q,  --global-config <DIR>  Path to the global `.vercel` directory            
  -h,  --help                 Output usage information                          
  -A,  --local-config <FILE>  Path to the local `vercel.json` file              
       --no-color             No color mode (default off)                       
  -S,  --scope                Set a custom scope                                
  -t,  --token <TOKEN>        Login token                                       
  -v,  --version              Output the version number                         


  Examples:

  - Get information about a deployment by its unique URL

    $ vercel inspect my-deployment-ji2fjij2.vercel.app

  - Get information about the deployment an alias points to

    $ vercel inspect my-deployment.vercel.app

  - Get information about a deployment by piping in the URL

    $ echo my-deployment.vercel.app | vercel inspect

  - Wait up to 90 seconds for deployment to complete

    $ vercel inspect my-deployment.vercel.app --wait --timeout 90s

  - Get deployment build logs

    $ vercel inspect my-deployment.vercel.app --logs


============================================================
[2025-08-17 14:58:05] 更新描述:
調整 vercel.json
網頁會導向安裝app
app主頁是冥想音樂
>>> git add .


>>> git commit -m '調整 vercel.json
網頁會導向安裝app
app主頁是冥想音樂'
[main 893d9a6] '調整
 1 file changed, 3 insertions(+)


>>> git push origin main
To https://github.com/eric761231/SatirIceBergWeb.git
   b6242d0..893d9a6  main -> main


>>> vercel ls
Vercel CLI 46.0.1
Retrieving project…
Fetching deployments in eric761231s-projects
> No deployments found.


>>> vercel inspect
Vercel CLI 46.0.1
Error: `vercel inspect <url>` expects exactly one argument

  ▲ vercel inspect url|deploymentId [options]

  Show information about a deployment.                                          

  Options:

  -l,  --logs            Prints the build logs instead of the deployment summary     
       --timeout <TIME>  Time to wait for deployment completion [3m]                 
       --wait            Blocks until deployment completes                           


  Global Options:

       --cwd <DIR>            Sets the current working directory for a single   
                              run of a command                                  
  -d,  --debug                Debug mode (default off)                          
  -Q,  --global-config <DIR>  Path to the global `.vercel` directory            
  -h,  --help                 Output usage information                          
  -A,  --local-config <FILE>  Path to the local `vercel.json` file              
       --no-color             No color mode (default off)                       
  -S,  --scope                Set a custom scope                                
  -t,  --token <TOKEN>        Login token                                       
  -v,  --version              Output the version number                         


  Examples:

  - Get information about a deployment by its unique URL

    $ vercel inspect my-deployment-ji2fjij2.vercel.app

  - Get information about the deployment an alias points to

    $ vercel inspect my-deployment.vercel.app

  - Get information about a deployment by piping in the URL

    $ echo my-deployment.vercel.app | vercel inspect

  - Wait up to 90 seconds for deployment to complete

    $ vercel inspect my-deployment.vercel.app --wait --timeout 90s

  - Get deployment build logs

    $ vercel inspect my-deployment.vercel.app --logs


============================================================
[2025-08-17 15:06:54] 更新描述:
首頁會導向index
>>> git add .


>>> git commit -m '首頁會導向index'
[main 7b3d718] '首頁會導向index'
 2 files changed, 156 insertions(+), 3 deletions(-)


>>> git push origin main
To https://github.com/eric761231/SatirIceBergWeb.git
   893d9a6..7b3d718  main -> main


>>> vercel ls
Vercel CLI 46.0.1
Retrieving project…
Fetching deployments in eric761231s-projects
> No deployments found.


>>> vercel inspect
Vercel CLI 46.0.1
Error: `vercel inspect <url>` expects exactly one argument

  ▲ vercel inspect url|deploymentId [options]

  Show information about a deployment.                                          

  Options:

  -l,  --logs            Prints the build logs instead of the deployment summary     
       --timeout <TIME>  Time to wait for deployment completion [3m]                 
       --wait            Blocks until deployment completes                           


  Global Options:

       --cwd <DIR>            Sets the current working directory for a single   
                              run of a command                                  
  -d,  --debug                Debug mode (default off)                          
  -Q,  --global-config <DIR>  Path to the global `.vercel` directory            
  -h,  --help                 Output usage information                          
  -A,  --local-config <FILE>  Path to the local `vercel.json` file              
       --no-color             No color mode (default off)                       
  -S,  --scope                Set a custom scope                                
  -t,  --token <TOKEN>        Login token                                       
  -v,  --version              Output the version number                         


  Examples:

  - Get information about a deployment by its unique URL

    $ vercel inspect my-deployment-ji2fjij2.vercel.app

  - Get information about the deployment an alias points to

    $ vercel inspect my-deployment.vercel.app

  - Get information about a deployment by piping in the URL

    $ echo my-deployment.vercel.app | vercel inspect

  - Wait up to 90 seconds for deployment to complete

    $ vercel inspect my-deployment.vercel.app --wait --timeout 90s

  - Get deployment build logs

    $ vercel inspect my-deployment.vercel.app --logs


============================================================
[2025-08-17 15:12:42] 更新描述:
更新vercel.json加入每日閱讀與曼羅陀
>>> git add .


>>> git commit -m '更新vercel.json加入每日閱讀與曼羅陀'
[main 7d14a4e] '更新vercel.json加入每日閱讀與曼羅陀'
 2 files changed, 77 insertions(+)


>>> git push origin main
To https://github.com/eric761231/SatirIceBergWeb.git
   7b3d718..7d14a4e  main -> main


>>> vercel ls
Vercel CLI 46.0.1
Retrieving project…
Fetching deployments in eric761231s-projects
> No deployments found.


>>> vercel inspect
Vercel CLI 46.0.1
Error: `vercel inspect <url>` expects exactly one argument

  ▲ vercel inspect url|deploymentId [options]

  Show information about a deployment.                                          

  Options:

  -l,  --logs            Prints the build logs instead of the deployment summary     
       --timeout <TIME>  Time to wait for deployment completion [3m]                 
       --wait            Blocks until deployment completes                           


  Global Options:

       --cwd <DIR>            Sets the current working directory for a single   
                              run of a command                                  
  -d,  --debug                Debug mode (default off)                          
  -Q,  --global-config <DIR>  Path to the global `.vercel` directory            
  -h,  --help                 Output usage information                          
  -A,  --local-config <FILE>  Path to the local `vercel.json` file              
       --no-color             No color mode (default off)                       
  -S,  --scope                Set a custom scope                                
  -t,  --token <TOKEN>        Login token                                       
  -v,  --version              Output the version number                         


  Examples:

  - Get information about a deployment by its unique URL

    $ vercel inspect my-deployment-ji2fjij2.vercel.app

  - Get information about the deployment an alias points to

    $ vercel inspect my-deployment.vercel.app

  - Get information about a deployment by piping in the URL

    $ echo my-deployment.vercel.app | vercel inspect

  - Wait up to 90 seconds for deployment to complete

    $ vercel inspect my-deployment.vercel.app --wait --timeout 90s

  - Get deployment build logs

    $ vercel inspect my-deployment.vercel.app --logs


============================================================
[2025-08-17 18:37:52] 更新描述:
曼荼羅繪圖頁面更新手機版底部收合式工具列並修正錯誤
>>> git add .


>>> git commit -m '曼荼羅繪圖頁面更新手機版底部收合式工具列並修正錯誤'
[main 8940450] '曼荼羅繪圖頁面更新手機版底部收合式工具列並修正錯誤'
 2 files changed, 530 insertions(+), 290 deletions(-)


>>> git push origin main
To https://github.com/eric761231/SatirIceBergWeb.git
   ad08dda..8940450  main -> main


>>> vercel ls
Vercel CLI 46.0.1
Retrieving project…
Fetching deployments in eric761231s-projects
> No deployments found.


>>> vercel inspect
Vercel CLI 46.0.1
Error: `vercel inspect <url>` expects exactly one argument

  ▲ vercel inspect url|deploymentId [options]

  Show information about a deployment.                                          

  Options:

  -l,  --logs            Prints the build logs instead of the deployment summary     
       --timeout <TIME>  Time to wait for deployment completion [3m]                 
       --wait            Blocks until deployment completes                           


  Global Options:

       --cwd <DIR>            Sets the current working directory for a single   
                              run of a command                                  
  -d,  --debug                Debug mode (default off)                          
  -Q,  --global-config <DIR>  Path to the global `.vercel` directory            
  -h,  --help                 Output usage information                          
  -A,  --local-config <FILE>  Path to the local `vercel.json` file              
       --no-color             No color mode (default off)                       
  -S,  --scope                Set a custom scope                                
  -t,  --token <TOKEN>        Login token                                       
  -v,  --version              Output the version number                         


  Examples:

  - Get information about a deployment by its unique URL

    $ vercel inspect my-deployment-ji2fjij2.vercel.app

  - Get information about the deployment an alias points to

    $ vercel inspect my-deployment.vercel.app

  - Get information about a deployment by piping in the URL

    $ echo my-deployment.vercel.app | vercel inspect

  - Wait up to 90 seconds for deployment to complete

    $ vercel inspect my-deployment.vercel.app --wait --timeout 90s

  - Get deployment build logs

    $ vercel inspect my-deployment.vercel.app --logs


============================================================
[2025-08-17 18:59:49] 更新描述:
優化曼荼羅繪圖工具與橡皮擦功能
>>> git add .


>>> git commit -m '優化曼荼羅繪圖工具與橡皮擦功能'
[main 31da2f1] '優化曼荼羅繪圖工具與橡皮擦功能'
 2 files changed, 130 insertions(+), 24 deletions(-)


>>> git push origin main
To https://github.com/eric761231/SatirIceBergWeb.git
   8940450..31da2f1  main -> main


>>> vercel ls
Vercel CLI 46.0.1
Retrieving project…
Fetching deployments in eric761231s-projects
> No deployments found.


>>> vercel inspect
Vercel CLI 46.0.1
Error: `vercel inspect <url>` expects exactly one argument

  ▲ vercel inspect url|deploymentId [options]

  Show information about a deployment.                                          

  Options:

  -l,  --logs            Prints the build logs instead of the deployment summary     
       --timeout <TIME>  Time to wait for deployment completion [3m]                 
       --wait            Blocks until deployment completes                           


  Global Options:

       --cwd <DIR>            Sets the current working directory for a single   
                              run of a command                                  
  -d,  --debug                Debug mode (default off)                          
  -Q,  --global-config <DIR>  Path to the global `.vercel` directory            
  -h,  --help                 Output usage information                          
  -A,  --local-config <FILE>  Path to the local `vercel.json` file              
       --no-color             No color mode (default off)                       
  -S,  --scope                Set a custom scope                                
  -t,  --token <TOKEN>        Login token                                       
  -v,  --version              Output the version number                         


  Examples:

  - Get information about a deployment by its unique URL

    $ vercel inspect my-deployment-ji2fjij2.vercel.app

  - Get information about the deployment an alias points to

    $ vercel inspect my-deployment.vercel.app

  - Get information about a deployment by piping in the URL

    $ echo my-deployment.vercel.app | vercel inspect

  - Wait up to 90 seconds for deployment to complete

    $ vercel inspect my-deployment.vercel.app --wait --timeout 90s

  - Get deployment build logs

    $ vercel inspect my-deployment.vercel.app --logs


============================================================
[2025-08-17 20:41:46] 更新描述:
修復曼荼羅繪圖程式：
1.修復形狀產生函數
2.優化畫布尺寸調整
3.修正手機版標題置中
>>> git add .


>>> git commit -m '修復曼荼羅繪圖程式：
1.修復形狀產生函數
2.優化畫布尺寸調整
3.修正手機版標題置中'
On branch main
Your branch is ahead of 'origin/main' by 1 commit.
  (use "git push" to publish your local commits)

nothing to commit, working tree clean


>>> git push origin main
To https://github.com/eric761231/SatirIceBergWeb.git
   a222a4d..7b5bc52  main -> main


>>> vercel ls
Vercel CLI 46.0.1
Retrieving project…
Fetching deployments in eric761231s-projects
> No deployments found.


>>> vercel inspect
Vercel CLI 46.0.1
Error: `vercel inspect <url>` expects exactly one argument

  ▲ vercel inspect url|deploymentId [options]

  Show information about a deployment.                                          

  Options:

  -l,  --logs            Prints the build logs instead of the deployment summary     
       --timeout <TIME>  Time to wait for deployment completion [3m]                 
       --wait            Blocks until deployment completes                           


  Global Options:

       --cwd <DIR>            Sets the current working directory for a single   
                              run of a command                                  
  -d,  --debug                Debug mode (default off)                          
  -Q,  --global-config <DIR>  Path to the global `.vercel` directory            
  -h,  --help                 Output usage information                          
  -A,  --local-config <FILE>  Path to the local `vercel.json` file              
       --no-color             No color mode (default off)                       
  -S,  --scope                Set a custom scope                                
  -t,  --token <TOKEN>        Login token                                       
  -v,  --version              Output the version number                         


  Examples:

  - Get information about a deployment by its unique URL

    $ vercel inspect my-deployment-ji2fjij2.vercel.app

  - Get information about the deployment an alias points to

    $ vercel inspect my-deployment.vercel.app

  - Get information about a deployment by piping in the URL

    $ echo my-deployment.vercel.app | vercel inspect

  - Wait up to 90 seconds for deployment to complete

    $ vercel inspect my-deployment.vercel.app --wait --timeout 90s

  - Get deployment build logs

    $ vercel inspect my-deployment.vercel.app --logs


============================================================
[2025-08-17 21:34:21] 更新描述:
更新曼荼羅
>>> git add .
warning: in the working copy of 'tatus', LF will be replaced by CRLF the next time Git touches it


>>> git commit -m '更新曼荼羅'
[main 8f80c7f] '更新曼荼羅'
 3 files changed, 90 insertions(+)
 create mode 100644 tatus


>>> git push origin main
To https://github.com/eric761231/SatirIceBergWeb.git
   7b5bc52..8f80c7f  main -> main


>>> vercel ls
Vercel CLI 46.0.1
Retrieving project…
Fetching deployments in eric761231s-projects
> No deployments found.


>>> vercel inspect
Vercel CLI 46.0.1
Error: `vercel inspect <url>` expects exactly one argument

  ▲ vercel inspect url|deploymentId [options]

  Show information about a deployment.                                          

  Options:

  -l,  --logs            Prints the build logs instead of the deployment summary     
       --timeout <TIME>  Time to wait for deployment completion [3m]                 
       --wait            Blocks until deployment completes                           


  Global Options:

       --cwd <DIR>            Sets the current working directory for a single   
                              run of a command                                  
  -d,  --debug                Debug mode (default off)                          
  -Q,  --global-config <DIR>  Path to the global `.vercel` directory            
  -h,  --help                 Output usage information                          
  -A,  --local-config <FILE>  Path to the local `vercel.json` file              
       --no-color             No color mode (default off)                       
  -S,  --scope                Set a custom scope                                
  -t,  --token <TOKEN>        Login token                                       
  -v,  --version              Output the version number                         


  Examples:

  - Get information about a deployment by its unique URL

    $ vercel inspect my-deployment-ji2fjij2.vercel.app

  - Get information about the deployment an alias points to

    $ vercel inspect my-deployment.vercel.app

  - Get information about a deployment by piping in the URL

    $ echo my-deployment.vercel.app | vercel inspect

  - Wait up to 90 seconds for deployment to complete

    $ vercel inspect my-deployment.vercel.app --wait --timeout 90s

  - Get deployment build logs

    $ vercel inspect my-deployment.vercel.app --logs


============================================================
