[2025-08-17 14:32:04] 更新描述:
使用 Vercel v2 配置格式
>>> git add .


>>> git commit -m "使用 Vercel v2 配置格式"
unsupported operand type(s) for +: 'NoneType' and 'str'

>>> git push origin main
To https://github.com/eric761231/SatirIceBergWeb.git
   0b26c94..65a063f  main -> main


>>> vercel ls
Vercel CLI 46.0.1
Error: Command `vercel list` requires confirmation. Use option "--yes" to confirm.


>>> vercel inspect
can only concatenate str (not "NoneType") to str
============================================================
[2025-08-17 14:34:26] 更新描述:
使用 Vercel v2 配置格式
>>> git add .


>>> git commit -m "使用 Vercel v2 配置格式"
unsupported operand type(s) for +: 'NoneType' and 'str'

>>> git push origin main
To https://github.com/eric761231/SatirIceBergWeb.git
   65a063f..64ce896  main -> main


>>> vercel ls
Vercel CLI 46.0.1
Error: Command `vercel list` requires confirmation. Use option "--yes" to confirm.


>>> vercel inspect
can only concatenate str (not "NoneType") to str
============================================================
[2025-08-17 14:39:50] 更新描述:
修正vercel.json
>>> git add .


>>> git commit -m '修正vercel.json'
[main c61bb25] '修正vercel.json'
 3 files changed, 21 insertions(+)
 delete mode 100644 api-config.json


>>> git push origin main
To https://github.com/eric761231/SatirIceBergWeb.git
   64ce896..c61bb25  main -> main


>>> vercel ls
Vercel CLI 46.0.1
Loading scopes…
Searching for existing projects…
Local settings detected in vercel.json:
No framework detected. Default Project Settings:
- Build Command: `npm run vercel-build` or `npm run build`
- Development Command: None
- Install Command: `yarn install`, `pnpm install`, `npm install`, or `bun install`
- Output Directory: `public` if it exists, or `.`
Linked to eric761231s-projects/test_iceberg (created .vercel and added it to .gitignore)
Fetching deployments in eric761231s-projects
> No deployments found.


>>> vercel inspect
Vercel CLI 46.0.1
Error: `vercel inspect <url>` expects exactly one argument

  ▲ vercel inspect url|deploymentId [options]

  Show information about a deployment.                                          

  Options:

  -l,  --logs            Prints the build logs instead of the deployment summary     
       --timeout <TIME>  Time to wait for deployment completion [3m]                 
       --wait            Blocks until deployment completes                           


  Global Options:

       --cwd <DIR>            Sets the current working directory for a single   
                              run of a command                                  
  -d,  --debug                Debug mode (default off)                          
  -Q,  --global-config <DIR>  Path to the global `.vercel` directory            
  -h,  --help                 Output usage information                          
  -A,  --local-config <FILE>  Path to the local `vercel.json` file              
       --no-color             No color mode (default off)                       
  -S,  --scope                Set a custom scope                                
  -t,  --token <TOKEN>        Login token                                       
  -v,  --version              Output the version number                         


  Examples:

  - Get information about a deployment by its unique URL

    $ vercel inspect my-deployment-ji2fjij2.vercel.app

  - Get information about the deployment an alias points to

    $ vercel inspect my-deployment.vercel.app

  - Get information about a deployment by piping in the URL

    $ echo my-deployment.vercel.app | vercel inspect

  - Wait up to 90 seconds for deployment to complete

    $ vercel inspect my-deployment.vercel.app --wait --timeout 90s

  - Get deployment build logs

    $ vercel inspect my-deployment.vercel.app --logs


============================================================
[2025-08-17 14:43:37] 更新描述:
修正routes屬性名稱為src和dest
>>> git add .


>>> git commit -m '修正routes屬性名稱為src和dest'
[main 7a9d562] '修正routes屬性名稱為src和dest'
 3 files changed, 96 insertions(+), 11 deletions(-)


>>> git push origin main
To https://github.com/eric761231/SatirIceBergWeb.git
   c61bb25..7a9d562  main -> main


>>> vercel ls
Vercel CLI 46.0.1
Retrieving project…
Fetching deployments in eric761231s-projects
> No deployments found.


>>> vercel inspect
Vercel CLI 46.0.1
Error: `vercel inspect <url>` expects exactly one argument

  ▲ vercel inspect url|deploymentId [options]

  Show information about a deployment.                                          

  Options:

  -l,  --logs            Prints the build logs instead of the deployment summary     
       --timeout <TIME>  Time to wait for deployment completion [3m]                 
       --wait            Blocks until deployment completes                           


  Global Options:

       --cwd <DIR>            Sets the current working directory for a single   
                              run of a command                                  
  -d,  --debug                Debug mode (default off)                          
  -Q,  --global-config <DIR>  Path to the global `.vercel` directory            
  -h,  --help                 Output usage information                          
  -A,  --local-config <FILE>  Path to the local `vercel.json` file              
       --no-color             No color mode (default off)                       
  -S,  --scope                Set a custom scope                                
  -t,  --token <TOKEN>        Login token                                       
  -v,  --version              Output the version number                         


  Examples:

  - Get information about a deployment by its unique URL

    $ vercel inspect my-deployment-ji2fjij2.vercel.app

  - Get information about the deployment an alias points to

    $ vercel inspect my-deployment.vercel.app

  - Get information about a deployment by piping in the URL

    $ echo my-deployment.vercel.app | vercel inspect

  - Wait up to 90 seconds for deployment to complete

    $ vercel inspect my-deployment.vercel.app --wait --timeout 90s

  - Get deployment build logs

    $ vercel inspect my-deployment.vercel.app --logs


============================================================
[2025-08-17 14:46:21] 更新描述:
將routes改為rewrites
>>> git add .


>>> git commit -m '將routes改為rewrites'
[main f584b28] '將routes改為rewrites'
 2 files changed, 87 insertions(+), 12 deletions(-)


>>> git push origin main
To https://github.com/eric761231/SatirIceBergWeb.git
   7a9d562..f584b28  main -> main


>>> vercel ls
Vercel CLI 46.0.1
Retrieving project…
Fetching deployments in eric761231s-projects
> No deployments found.


>>> vercel inspect
Vercel CLI 46.0.1
Error: `vercel inspect <url>` expects exactly one argument

  ▲ vercel inspect url|deploymentId [options]

  Show information about a deployment.                                          

  Options:

  -l,  --logs            Prints the build logs instead of the deployment summary     
       --timeout <TIME>  Time to wait for deployment completion [3m]                 
       --wait            Blocks until deployment completes                           


  Global Options:

       --cwd <DIR>            Sets the current working directory for a single   
                              run of a command                                  
  -d,  --debug                Debug mode (default off)                          
  -Q,  --global-config <DIR>  Path to the global `.vercel` directory            
  -h,  --help                 Output usage information                          
  -A,  --local-config <FILE>  Path to the local `vercel.json` file              
       --no-color             No color mode (default off)                       
  -S,  --scope                Set a custom scope                                
  -t,  --token <TOKEN>        Login token                                       
  -v,  --version              Output the version number                         


  Examples:

  - Get information about a deployment by its unique URL

    $ vercel inspect my-deployment-ji2fjij2.vercel.app

  - Get information about the deployment an alias points to

    $ vercel inspect my-deployment.vercel.app

  - Get information about a deployment by piping in the URL

    $ echo my-deployment.vercel.app | vercel inspect

  - Wait up to 90 seconds for deployment to complete

    $ vercel inspect my-deployment.vercel.app --wait --timeout 90s

  - Get deployment build logs

    $ vercel inspect my-deployment.vercel.app --logs


============================================================
[2025-08-17 14:48:05] 更新描述:
將原本無效的靜態檔案pattern拆分為多條正確格式
>>> git add .


>>> git commit -m '將原本無效的靜態檔案pattern拆分為多條正確格式'
[main b6242d0] '將原本無效的靜態檔案pattern拆分為多條正確格式'
 2 files changed, 87 insertions(+), 1 deletion(-)


>>> git push origin main
To https://github.com/eric761231/SatirIceBergWeb.git
   f584b28..b6242d0  main -> main


>>> vercel ls
Vercel CLI 46.0.1
Retrieving project…
Fetching deployments in eric761231s-projects
> No deployments found.


>>> vercel inspect
Vercel CLI 46.0.1
Error: `vercel inspect <url>` expects exactly one argument

  ▲ vercel inspect url|deploymentId [options]

  Show information about a deployment.                                          

  Options:

  -l,  --logs            Prints the build logs instead of the deployment summary     
       --timeout <TIME>  Time to wait for deployment completion [3m]                 
       --wait            Blocks until deployment completes                           


  Global Options:

       --cwd <DIR>            Sets the current working directory for a single   
                              run of a command                                  
  -d,  --debug                Debug mode (default off)                          
  -Q,  --global-config <DIR>  Path to the global `.vercel` directory            
  -h,  --help                 Output usage information                          
  -A,  --local-config <FILE>  Path to the local `vercel.json` file              
       --no-color             No color mode (default off)                       
  -S,  --scope                Set a custom scope                                
  -t,  --token <TOKEN>        Login token                                       
  -v,  --version              Output the version number                         


  Examples:

  - Get information about a deployment by its unique URL

    $ vercel inspect my-deployment-ji2fjij2.vercel.app

  - Get information about the deployment an alias points to

    $ vercel inspect my-deployment.vercel.app

  - Get information about a deployment by piping in the URL

    $ echo my-deployment.vercel.app | vercel inspect

  - Wait up to 90 seconds for deployment to complete

    $ vercel inspect my-deployment.vercel.app --wait --timeout 90s

  - Get deployment build logs

    $ vercel inspect my-deployment.vercel.app --logs


============================================================
[2025-08-17 14:58:05] 更新描述:
調整 vercel.json
網頁會導向安裝app
app主頁是冥想音樂
>>> git add .


>>> git commit -m '調整 vercel.json
網頁會導向安裝app
app主頁是冥想音樂'
[main 893d9a6] '調整
 1 file changed, 3 insertions(+)


>>> git push origin main
To https://github.com/eric761231/SatirIceBergWeb.git
   b6242d0..893d9a6  main -> main


>>> vercel ls
Vercel CLI 46.0.1
Retrieving project…
Fetching deployments in eric761231s-projects
> No deployments found.


>>> vercel inspect
Vercel CLI 46.0.1
Error: `vercel inspect <url>` expects exactly one argument

  ▲ vercel inspect url|deploymentId [options]

  Show information about a deployment.                                          

  Options:

  -l,  --logs            Prints the build logs instead of the deployment summary     
       --timeout <TIME>  Time to wait for deployment completion [3m]                 
       --wait            Blocks until deployment completes                           


  Global Options:

       --cwd <DIR>            Sets the current working directory for a single   
                              run of a command                                  
  -d,  --debug                Debug mode (default off)                          
  -Q,  --global-config <DIR>  Path to the global `.vercel` directory            
  -h,  --help                 Output usage information                          
  -A,  --local-config <FILE>  Path to the local `vercel.json` file              
       --no-color             No color mode (default off)                       
  -S,  --scope                Set a custom scope                                
  -t,  --token <TOKEN>        Login token                                       
  -v,  --version              Output the version number                         


  Examples:

  - Get information about a deployment by its unique URL

    $ vercel inspect my-deployment-ji2fjij2.vercel.app

  - Get information about the deployment an alias points to

    $ vercel inspect my-deployment.vercel.app

  - Get information about a deployment by piping in the URL

    $ echo my-deployment.vercel.app | vercel inspect

  - Wait up to 90 seconds for deployment to complete

    $ vercel inspect my-deployment.vercel.app --wait --timeout 90s

  - Get deployment build logs

    $ vercel inspect my-deployment.vercel.app --logs


============================================================
[2025-08-17 15:06:54] 更新描述:
首頁會導向index
>>> git add .


>>> git commit -m '首頁會導向index'
[main 7b3d718] '首頁會導向index'
 2 files changed, 156 insertions(+), 3 deletions(-)


>>> git push origin main
To https://github.com/eric761231/SatirIceBergWeb.git
   893d9a6..7b3d718  main -> main


>>> vercel ls
Vercel CLI 46.0.1
Retrieving project…
Fetching deployments in eric761231s-projects
> No deployments found.


>>> vercel inspect
Vercel CLI 46.0.1
Error: `vercel inspect <url>` expects exactly one argument

  ▲ vercel inspect url|deploymentId [options]

  Show information about a deployment.                                          

  Options:

  -l,  --logs            Prints the build logs instead of the deployment summary     
       --timeout <TIME>  Time to wait for deployment completion [3m]                 
       --wait            Blocks until deployment completes                           


  Global Options:

       --cwd <DIR>            Sets the current working directory for a single   
                              run of a command                                  
  -d,  --debug                Debug mode (default off)                          
  -Q,  --global-config <DIR>  Path to the global `.vercel` directory            
  -h,  --help                 Output usage information                          
  -A,  --local-config <FILE>  Path to the local `vercel.json` file              
       --no-color             No color mode (default off)                       
  -S,  --scope                Set a custom scope                                
  -t,  --token <TOKEN>        Login token                                       
  -v,  --version              Output the version number                         


  Examples:

  - Get information about a deployment by its unique URL

    $ vercel inspect my-deployment-ji2fjij2.vercel.app

  - Get information about the deployment an alias points to

    $ vercel inspect my-deployment.vercel.app

  - Get information about a deployment by piping in the URL

    $ echo my-deployment.vercel.app | vercel inspect

  - Wait up to 90 seconds for deployment to complete

    $ vercel inspect my-deployment.vercel.app --wait --timeout 90s

  - Get deployment build logs

    $ vercel inspect my-deployment.vercel.app --logs


============================================================
[2025-08-17 15:12:42] 更新描述:
更新vercel.json加入每日閱讀與曼羅陀
>>> git add .


>>> git commit -m '更新vercel.json加入每日閱讀與曼羅陀'
[main 7d14a4e] '更新vercel.json加入每日閱讀與曼羅陀'
 2 files changed, 77 insertions(+)


>>> git push origin main
To https://github.com/eric761231/SatirIceBergWeb.git
   7b3d718..7d14a4e  main -> main


>>> vercel ls
Vercel CLI 46.0.1
Retrieving project…
Fetching deployments in eric761231s-projects
> No deployments found.


>>> vercel inspect
Vercel CLI 46.0.1
Error: `vercel inspect <url>` expects exactly one argument

  ▲ vercel inspect url|deploymentId [options]

  Show information about a deployment.                                          

  Options:

  -l,  --logs            Prints the build logs instead of the deployment summary     
       --timeout <TIME>  Time to wait for deployment completion [3m]                 
       --wait            Blocks until deployment completes                           


  Global Options:

       --cwd <DIR>            Sets the current working directory for a single   
                              run of a command                                  
  -d,  --debug                Debug mode (default off)                          
  -Q,  --global-config <DIR>  Path to the global `.vercel` directory            
  -h,  --help                 Output usage information                          
  -A,  --local-config <FILE>  Path to the local `vercel.json` file              
       --no-color             No color mode (default off)                       
  -S,  --scope                Set a custom scope                                
  -t,  --token <TOKEN>        Login token                                       
  -v,  --version              Output the version number                         


  Examples:

  - Get information about a deployment by its unique URL

    $ vercel inspect my-deployment-ji2fjij2.vercel.app

  - Get information about the deployment an alias points to

    $ vercel inspect my-deployment.vercel.app

  - Get information about a deployment by piping in the URL

    $ echo my-deployment.vercel.app | vercel inspect

  - Wait up to 90 seconds for deployment to complete

    $ vercel inspect my-deployment.vercel.app --wait --timeout 90s

  - Get deployment build logs

    $ vercel inspect my-deployment.vercel.app --logs


============================================================
[2025-08-17 18:37:52] 更新描述:
曼荼羅繪圖頁面更新手機版底部收合式工具列並修正錯誤
>>> git add .


>>> git commit -m '曼荼羅繪圖頁面更新手機版底部收合式工具列並修正錯誤'
[main 8940450] '曼荼羅繪圖頁面更新手機版底部收合式工具列並修正錯誤'
 2 files changed, 530 insertions(+), 290 deletions(-)


>>> git push origin main
To https://github.com/eric761231/SatirIceBergWeb.git
   ad08dda..8940450  main -> main


>>> vercel ls
Vercel CLI 46.0.1
Retrieving project…
Fetching deployments in eric761231s-projects
> No deployments found.


>>> vercel inspect
Vercel CLI 46.0.1
Error: `vercel inspect <url>` expects exactly one argument

  ▲ vercel inspect url|deploymentId [options]

  Show information about a deployment.                                          

  Options:

  -l,  --logs            Prints the build logs instead of the deployment summary     
       --timeout <TIME>  Time to wait for deployment completion [3m]                 
       --wait            Blocks until deployment completes                           


  Global Options:

       --cwd <DIR>            Sets the current working directory for a single   
                              run of a command                                  
  -d,  --debug                Debug mode (default off)                          
  -Q,  --global-config <DIR>  Path to the global `.vercel` directory            
  -h,  --help                 Output usage information                          
  -A,  --local-config <FILE>  Path to the local `vercel.json` file              
       --no-color             No color mode (default off)                       
  -S,  --scope                Set a custom scope                                
  -t,  --token <TOKEN>        Login token                                       
  -v,  --version              Output the version number                         


  Examples:

  - Get information about a deployment by its unique URL

    $ vercel inspect my-deployment-ji2fjij2.vercel.app

  - Get information about the deployment an alias points to

    $ vercel inspect my-deployment.vercel.app

  - Get information about a deployment by piping in the URL

    $ echo my-deployment.vercel.app | vercel inspect

  - Wait up to 90 seconds for deployment to complete

    $ vercel inspect my-deployment.vercel.app --wait --timeout 90s

  - Get deployment build logs

    $ vercel inspect my-deployment.vercel.app --logs


============================================================
[2025-08-17 18:59:49] 更新描述:
優化曼荼羅繪圖工具與橡皮擦功能
>>> git add .


>>> git commit -m '優化曼荼羅繪圖工具與橡皮擦功能'
[main 31da2f1] '優化曼荼羅繪圖工具與橡皮擦功能'
 2 files changed, 130 insertions(+), 24 deletions(-)


>>> git push origin main
To https://github.com/eric761231/SatirIceBergWeb.git
   8940450..31da2f1  main -> main


>>> vercel ls
Vercel CLI 46.0.1
Retrieving project…
Fetching deployments in eric761231s-projects
> No deployments found.


>>> vercel inspect
Vercel CLI 46.0.1
Error: `vercel inspect <url>` expects exactly one argument

  ▲ vercel inspect url|deploymentId [options]

  Show information about a deployment.                                          

  Options:

  -l,  --logs            Prints the build logs instead of the deployment summary     
       --timeout <TIME>  Time to wait for deployment completion [3m]                 
       --wait            Blocks until deployment completes                           


  Global Options:

       --cwd <DIR>            Sets the current working directory for a single   
                              run of a command                                  
  -d,  --debug                Debug mode (default off)                          
  -Q,  --global-config <DIR>  Path to the global `.vercel` directory            
  -h,  --help                 Output usage information                          
  -A,  --local-config <FILE>  Path to the local `vercel.json` file              
       --no-color             No color mode (default off)                       
  -S,  --scope                Set a custom scope                                
  -t,  --token <TOKEN>        Login token                                       
  -v,  --version              Output the version number                         


  Examples:

  - Get information about a deployment by its unique URL

    $ vercel inspect my-deployment-ji2fjij2.vercel.app

  - Get information about the deployment an alias points to

    $ vercel inspect my-deployment.vercel.app

  - Get information about a deployment by piping in the URL

    $ echo my-deployment.vercel.app | vercel inspect

  - Wait up to 90 seconds for deployment to complete

    $ vercel inspect my-deployment.vercel.app --wait --timeout 90s

  - Get deployment build logs

    $ vercel inspect my-deployment.vercel.app --logs


============================================================
[2025-08-17 20:41:46] 更新描述:
修復曼荼羅繪圖程式：
1.修復形狀產生函數
2.優化畫布尺寸調整
3.修正手機版標題置中
>>> git add .


>>> git commit -m '修復曼荼羅繪圖程式：
1.修復形狀產生函數
2.優化畫布尺寸調整
3.修正手機版標題置中'
On branch main
Your branch is ahead of 'origin/main' by 1 commit.
  (use "git push" to publish your local commits)

nothing to commit, working tree clean


>>> git push origin main
To https://github.com/eric761231/SatirIceBergWeb.git
   a222a4d..7b5bc52  main -> main


>>> vercel ls
Vercel CLI 46.0.1
Retrieving project…
Fetching deployments in eric761231s-projects
> No deployments found.


>>> vercel inspect
Vercel CLI 46.0.1
Error: `vercel inspect <url>` expects exactly one argument

  ▲ vercel inspect url|deploymentId [options]

  Show information about a deployment.                                          

  Options:

  -l,  --logs            Prints the build logs instead of the deployment summary     
       --timeout <TIME>  Time to wait for deployment completion [3m]                 
       --wait            Blocks until deployment completes                           


  Global Options:

       --cwd <DIR>            Sets the current working directory for a single   
                              run of a command                                  
  -d,  --debug                Debug mode (default off)                          
  -Q,  --global-config <DIR>  Path to the global `.vercel` directory            
  -h,  --help                 Output usage information                          
  -A,  --local-config <FILE>  Path to the local `vercel.json` file              
       --no-color             No color mode (default off)                       
  -S,  --scope                Set a custom scope                                
  -t,  --token <TOKEN>        Login token                                       
  -v,  --version              Output the version number                         


  Examples:

  - Get information about a deployment by its unique URL

    $ vercel inspect my-deployment-ji2fjij2.vercel.app

  - Get information about the deployment an alias points to

    $ vercel inspect my-deployment.vercel.app

  - Get information about a deployment by piping in the URL

    $ echo my-deployment.vercel.app | vercel inspect

  - Wait up to 90 seconds for deployment to complete

    $ vercel inspect my-deployment.vercel.app --wait --timeout 90s

  - Get deployment build logs

    $ vercel inspect my-deployment.vercel.app --logs


============================================================
[2025-08-17 21:34:21] 更新描述:
更新曼荼羅
>>> git add .
warning: in the working copy of 'tatus', LF will be replaced by CRLF the next time Git touches it


>>> git commit -m '更新曼荼羅'
[main 8f80c7f] '更新曼荼羅'
 3 files changed, 90 insertions(+)
 create mode 100644 tatus


>>> git push origin main
To https://github.com/eric761231/SatirIceBergWeb.git
   7b5bc52..8f80c7f  main -> main


>>> vercel ls
Vercel CLI 46.0.1
Retrieving project…
Fetching deployments in eric761231s-projects
> No deployments found.


>>> vercel inspect
Vercel CLI 46.0.1
Error: `vercel inspect <url>` expects exactly one argument

  ▲ vercel inspect url|deploymentId [options]

  Show information about a deployment.                                          

  Options:

  -l,  --logs            Prints the build logs instead of the deployment summary     
       --timeout <TIME>  Time to wait for deployment completion [3m]                 
       --wait            Blocks until deployment completes                           


  Global Options:

       --cwd <DIR>            Sets the current working directory for a single   
                              run of a command                                  
  -d,  --debug                Debug mode (default off)                          
  -Q,  --global-config <DIR>  Path to the global `.vercel` directory            
  -h,  --help                 Output usage information                          
  -A,  --local-config <FILE>  Path to the local `vercel.json` file              
       --no-color             No color mode (default off)                       
  -S,  --scope                Set a custom scope                                
  -t,  --token <TOKEN>        Login token                                       
  -v,  --version              Output the version number                         


  Examples:

  - Get information about a deployment by its unique URL

    $ vercel inspect my-deployment-ji2fjij2.vercel.app

  - Get information about the deployment an alias points to

    $ vercel inspect my-deployment.vercel.app

  - Get information about a deployment by piping in the URL

    $ echo my-deployment.vercel.app | vercel inspect

  - Wait up to 90 seconds for deployment to complete

    $ vercel inspect my-deployment.vercel.app --wait --timeout 90s

  - Get deployment build logs

    $ vercel inspect my-deployment.vercel.app --logs


============================================================
[2025-08-18 01:25:49] 更新描述:
更新每日指引內容
>>> git add .


>>> git commit -m '更新每日指引內容'
[main ccede1e] '更新每日指引內容'
 1 file changed, 5 insertions(+), 1 deletion(-)


>>> git push origin main
To https://github.com/eric761231/SatirIceBergWeb.git
   c819103..ccede1e  main -> main


>>> vercel ls
Vercel CLI 46.0.1
Retrieving project…
Fetching deployments in eric761231s-projects
> No deployments found.


>>> vercel inspect
Vercel CLI 46.0.1
Error: `vercel inspect <url>` expects exactly one argument

  ▲ vercel inspect url|deploymentId [options]

  Show information about a deployment.                                          

  Options:

  -l,  --logs            Prints the build logs instead of the deployment summary     
       --timeout <TIME>  Time to wait for deployment completion [3m]                 
       --wait            Blocks until deployment completes                           


  Global Options:

       --cwd <DIR>            Sets the current working directory for a single   
                              run of a command                                  
  -d,  --debug                Debug mode (default off)                          
  -Q,  --global-config <DIR>  Path to the global `.vercel` directory            
  -h,  --help                 Output usage information                          
  -A,  --local-config <FILE>  Path to the local `vercel.json` file              
       --no-color             No color mode (default off)                       
  -S,  --scope                Set a custom scope                                
  -t,  --token <TOKEN>        Login token                                       
  -v,  --version              Output the version number                         


  Examples:

  - Get information about a deployment by its unique URL

    $ vercel inspect my-deployment-ji2fjij2.vercel.app

  - Get information about the deployment an alias points to

    $ vercel inspect my-deployment.vercel.app

  - Get information about a deployment by piping in the URL

    $ echo my-deployment.vercel.app | vercel inspect

  - Wait up to 90 seconds for deployment to complete

    $ vercel inspect my-deployment.vercel.app --wait --timeout 90s

  - Get deployment build logs

    $ vercel inspect my-deployment.vercel.app --logs


============================================================
[2025-08-18 01:37:56] 更新描述:
更新瑜珈影片頁面支持全螢幕轉向
>>> git add .


>>> git commit -m '更新瑜珈影片頁面支持全螢幕轉向'
[main 4944638] '更新瑜珈影片頁面支持全螢幕轉向'
 2 files changed, 133 insertions(+), 11 deletions(-)


>>> git push origin main
To https://github.com/eric761231/SatirIceBergWeb.git
   ccede1e..4944638  main -> main


>>> vercel ls
Vercel CLI 46.0.1
Retrieving project…
Fetching deployments in eric761231s-projects
> No deployments found.


>>> vercel inspect
Vercel CLI 46.0.1
Error: `vercel inspect <url>` expects exactly one argument

  ▲ vercel inspect url|deploymentId [options]

  Show information about a deployment.                                          

  Options:

  -l,  --logs            Prints the build logs instead of the deployment summary     
       --timeout <TIME>  Time to wait for deployment completion [3m]                 
       --wait            Blocks until deployment completes                           


  Global Options:

       --cwd <DIR>            Sets the current working directory for a single   
                              run of a command                                  
  -d,  --debug                Debug mode (default off)                          
  -Q,  --global-config <DIR>  Path to the global `.vercel` directory            
  -h,  --help                 Output usage information                          
  -A,  --local-config <FILE>  Path to the local `vercel.json` file              
       --no-color             No color mode (default off)                       
  -S,  --scope                Set a custom scope                                
  -t,  --token <TOKEN>        Login token                                       
  -v,  --version              Output the version number                         


  Examples:

  - Get information about a deployment by its unique URL

    $ vercel inspect my-deployment-ji2fjij2.vercel.app

  - Get information about the deployment an alias points to

    $ vercel inspect my-deployment.vercel.app

  - Get information about a deployment by piping in the URL

    $ echo my-deployment.vercel.app | vercel inspect

  - Wait up to 90 seconds for deployment to complete

    $ vercel inspect my-deployment.vercel.app --wait --timeout 90s

  - Get deployment build logs

    $ vercel inspect my-deployment.vercel.app --logs


============================================================
[2025-08-18 01:42:35] 更新描述:
修正瑜珈頁面沒有支持全螢幕轉向
>>> git add .


>>> git commit -m '修正瑜珈頁面沒有支持全螢幕轉向'
[main fde4265] '修正瑜珈頁面沒有支持全螢幕轉向'
 2 files changed, 184 insertions(+), 6 deletions(-)


>>> git push origin main
To https://github.com/eric761231/SatirIceBergWeb.git
   4944638..fde4265  main -> main


>>> vercel ls
Vercel CLI 46.0.1
Retrieving project…
Fetching deployments in eric761231s-projects
> No deployments found.


>>> vercel inspect
Vercel CLI 46.0.1
Error: `vercel inspect <url>` expects exactly one argument

  ▲ vercel inspect url|deploymentId [options]

  Show information about a deployment.                                          

  Options:

  -l,  --logs            Prints the build logs instead of the deployment summary     
       --timeout <TIME>  Time to wait for deployment completion [3m]                 
       --wait            Blocks until deployment completes                           


  Global Options:

       --cwd <DIR>            Sets the current working directory for a single   
                              run of a command                                  
  -d,  --debug                Debug mode (default off)                          
  -Q,  --global-config <DIR>  Path to the global `.vercel` directory            
  -h,  --help                 Output usage information                          
  -A,  --local-config <FILE>  Path to the local `vercel.json` file              
       --no-color             No color mode (default off)                       
  -S,  --scope                Set a custom scope                                
  -t,  --token <TOKEN>        Login token                                       
  -v,  --version              Output the version number                         


  Examples:

  - Get information about a deployment by its unique URL

    $ vercel inspect my-deployment-ji2fjij2.vercel.app

  - Get information about the deployment an alias points to

    $ vercel inspect my-deployment.vercel.app

  - Get information about a deployment by piping in the URL

    $ echo my-deployment.vercel.app | vercel inspect

  - Wait up to 90 seconds for deployment to complete

    $ vercel inspect my-deployment.vercel.app --wait --timeout 90s

  - Get deployment build logs

    $ vercel inspect my-deployment.vercel.app --logs


============================================================
[2025-08-18 01:56:52] 更新描述:
調整曼荼羅畫布區域
>>> git add .


>>> git commit -m '調整曼荼羅畫布區域'
[main 6a1af45] '調整曼荼羅畫布區域'
 6 files changed, 192 insertions(+), 64 deletions(-)


>>> git push origin main
To https://github.com/eric761231/SatirIceBergWeb.git
   fde4265..6a1af45  main -> main


>>> vercel ls
Vercel CLI 46.0.1
Retrieving project…
Fetching deployments in eric761231s-projects
> No deployments found.


>>> vercel inspect
Vercel CLI 46.0.1
Error: `vercel inspect <url>` expects exactly one argument

  ▲ vercel inspect url|deploymentId [options]

  Show information about a deployment.                                          

  Options:

  -l,  --logs            Prints the build logs instead of the deployment summary     
       --timeout <TIME>  Time to wait for deployment completion [3m]                 
       --wait            Blocks until deployment completes                           


  Global Options:

       --cwd <DIR>            Sets the current working directory for a single   
                              run of a command                                  
  -d,  --debug                Debug mode (default off)                          
  -Q,  --global-config <DIR>  Path to the global `.vercel` directory            
  -h,  --help                 Output usage information                          
  -A,  --local-config <FILE>  Path to the local `vercel.json` file              
       --no-color             No color mode (default off)                       
  -S,  --scope                Set a custom scope                                
  -t,  --token <TOKEN>        Login token                                       
  -v,  --version              Output the version number                         


  Examples:

  - Get information about a deployment by its unique URL

    $ vercel inspect my-deployment-ji2fjij2.vercel.app

  - Get information about the deployment an alias points to

    $ vercel inspect my-deployment.vercel.app

  - Get information about a deployment by piping in the URL

    $ echo my-deployment.vercel.app | vercel inspect

  - Wait up to 90 seconds for deployment to complete

    $ vercel inspect my-deployment.vercel.app --wait --timeout 90s

  - Get deployment build logs

    $ vercel inspect my-deployment.vercel.app --logs


============================================================
[2025-08-18 14:31:13] 更新描述:
新增瑜珈頁面轉向按鈕
調整瑜珈影片讀取雲端檔案
更新每日指引內容
>>> git add .


>>> git commit -m '新增瑜珈頁面轉向按鈕
調整瑜珈影片讀取雲端檔案
更新每日指引內容'
[main e43d110] '新增瑜珈頁面轉向按鈕
 10 files changed, 529 insertions(+), 26 deletions(-)
 create mode 100644 articles/2025-08/20250825.txt
 create mode 100644 articles/2025-08/20250826.txt
 create mode 100644 articles/2025-08/20250827.txt
 create mode 100644 articles/2025-08/20250828.txt
 create mode 100644 articles/2025-08/20250829.txt
 create mode 100644 articles/2025-08/20250830.txt
 create mode 100644 articles/2025-08/20250831.txt


>>> git push origin main
To https://github.com/eric761231/SatirIceBergWeb.git
   6a1af45..e43d110  main -> main


>>> vercel ls
Vercel CLI 46.0.1
Retrieving project…
Fetching deployments in eric761231s-projects
> No deployments found.


>>> vercel inspect
Vercel CLI 46.0.1
Error: `vercel inspect <url>` expects exactly one argument

  ▲ vercel inspect url|deploymentId [options]

  Show information about a deployment.                                          

  Options:

  -l,  --logs            Prints the build logs instead of the deployment summary     
       --timeout <TIME>  Time to wait for deployment completion [3m]                 
       --wait            Blocks until deployment completes                           


  Global Options:

       --cwd <DIR>            Sets the current working directory for a single   
                              run of a command                                  
  -d,  --debug                Debug mode (default off)                          
  -Q,  --global-config <DIR>  Path to the global `.vercel` directory            
  -h,  --help                 Output usage information                          
  -A,  --local-config <FILE>  Path to the local `vercel.json` file              
       --no-color             No color mode (default off)                       
  -S,  --scope                Set a custom scope                                
  -t,  --token <TOKEN>        Login token                                       
  -v,  --version              Output the version number                         


  Examples:

  - Get information about a deployment by its unique URL

    $ vercel inspect my-deployment-ji2fjij2.vercel.app

  - Get information about the deployment an alias points to

    $ vercel inspect my-deployment.vercel.app

  - Get information about a deployment by piping in the URL

    $ echo my-deployment.vercel.app | vercel inspect

  - Wait up to 90 seconds for deployment to complete

    $ vercel inspect my-deployment.vercel.app --wait --timeout 90s

  - Get deployment build logs

    $ vercel inspect my-deployment.vercel.app --logs


============================================================
[2025-08-18 14:31:39] 更新描述:
新增瑜珈頁面轉向按鈕
>>> git add .


>>> git commit -m '新增瑜珈頁面轉向按鈕'
[main b734412] '新增瑜珈頁面轉向按鈕'
 2 files changed, 92 insertions(+)


>>> git push origin main
To https://github.com/eric761231/SatirIceBergWeb.git
   e43d110..b734412  main -> main


>>> vercel ls
Vercel CLI 46.0.1
Retrieving project…
Fetching deployments in eric761231s-projects
> No deployments found.


>>> vercel inspect
Vercel CLI 46.0.1
Error: `vercel inspect <url>` expects exactly one argument

  ▲ vercel inspect url|deploymentId [options]

  Show information about a deployment.                                          

  Options:

  -l,  --logs            Prints the build logs instead of the deployment summary     
       --timeout <TIME>  Time to wait for deployment completion [3m]                 
       --wait            Blocks until deployment completes                           


  Global Options:

       --cwd <DIR>            Sets the current working directory for a single   
                              run of a command                                  
  -d,  --debug                Debug mode (default off)                          
  -Q,  --global-config <DIR>  Path to the global `.vercel` directory            
  -h,  --help                 Output usage information                          
  -A,  --local-config <FILE>  Path to the local `vercel.json` file              
       --no-color             No color mode (default off)                       
  -S,  --scope                Set a custom scope                                
  -t,  --token <TOKEN>        Login token                                       
  -v,  --version              Output the version number                         


  Examples:

  - Get information about a deployment by its unique URL

    $ vercel inspect my-deployment-ji2fjij2.vercel.app

  - Get information about the deployment an alias points to

    $ vercel inspect my-deployment.vercel.app

  - Get information about a deployment by piping in the URL

    $ echo my-deployment.vercel.app | vercel inspect

  - Wait up to 90 seconds for deployment to complete

    $ vercel inspect my-deployment.vercel.app --wait --timeout 90s

  - Get deployment build logs

    $ vercel inspect my-deployment.vercel.app --logs


============================================================
[2025-08-18 14:39:08] 更新描述:
優化瑜珈頁面轉向
>>> git add .


>>> git commit -m '優化瑜珈頁面轉向'
[main 5ecd2aa] '優化瑜珈頁面轉向'
 2 files changed, 169 insertions(+), 411 deletions(-)


>>> git push origin main
To https://github.com/eric761231/SatirIceBergWeb.git
   b734412..5ecd2aa  main -> main


>>> vercel ls
Vercel CLI 46.0.1
Retrieving project…
Fetching deployments in eric761231s-projects
> No deployments found.


>>> vercel inspect
Vercel CLI 46.0.1
Error: `vercel inspect <url>` expects exactly one argument

  ▲ vercel inspect url|deploymentId [options]

  Show information about a deployment.                                          

  Options:

  -l,  --logs            Prints the build logs instead of the deployment summary     
       --timeout <TIME>  Time to wait for deployment completion [3m]                 
       --wait            Blocks until deployment completes                           


  Global Options:

       --cwd <DIR>            Sets the current working directory for a single   
                              run of a command                                  
  -d,  --debug                Debug mode (default off)                          
  -Q,  --global-config <DIR>  Path to the global `.vercel` directory            
  -h,  --help                 Output usage information                          
  -A,  --local-config <FILE>  Path to the local `vercel.json` file              
       --no-color             No color mode (default off)                       
  -S,  --scope                Set a custom scope                                
  -t,  --token <TOKEN>        Login token                                       
  -v,  --version              Output the version number                         


  Examples:

  - Get information about a deployment by its unique URL

    $ vercel inspect my-deployment-ji2fjij2.vercel.app

  - Get information about the deployment an alias points to

    $ vercel inspect my-deployment.vercel.app

  - Get information about a deployment by piping in the URL

    $ echo my-deployment.vercel.app | vercel inspect

  - Wait up to 90 seconds for deployment to complete

    $ vercel inspect my-deployment.vercel.app --wait --timeout 90s

  - Get deployment build logs

    $ vercel inspect my-deployment.vercel.app --logs


============================================================
[2025-08-18 14:50:29] 更新描述:
優化瑜珈頁面轉向判斷
>>> git add .


>>> git commit -m '優化瑜珈頁面轉向判斷'
[main 365b084] '優化瑜珈頁面轉向判斷'
 2 files changed, 87 insertions(+), 260 deletions(-)


>>> git push origin main
To https://github.com/eric761231/SatirIceBergWeb.git
   5ecd2aa..365b084  main -> main


>>> vercel ls
Vercel CLI 46.0.1
Retrieving project…
Fetching deployments in eric761231s-projects
> No deployments found.


>>> vercel inspect
Vercel CLI 46.0.1
Error: `vercel inspect <url>` expects exactly one argument

  ▲ vercel inspect url|deploymentId [options]

  Show information about a deployment.                                          

  Options:

  -l,  --logs            Prints the build logs instead of the deployment summary     
       --timeout <TIME>  Time to wait for deployment completion [3m]                 
       --wait            Blocks until deployment completes                           


  Global Options:

       --cwd <DIR>            Sets the current working directory for a single   
                              run of a command                                  
  -d,  --debug                Debug mode (default off)                          
  -Q,  --global-config <DIR>  Path to the global `.vercel` directory            
  -h,  --help                 Output usage information                          
  -A,  --local-config <FILE>  Path to the local `vercel.json` file              
       --no-color             No color mode (default off)                       
  -S,  --scope                Set a custom scope                                
  -t,  --token <TOKEN>        Login token                                       
  -v,  --version              Output the version number                         


  Examples:

  - Get information about a deployment by its unique URL

    $ vercel inspect my-deployment-ji2fjij2.vercel.app

  - Get information about the deployment an alias points to

    $ vercel inspect my-deployment.vercel.app

  - Get information about a deployment by piping in the URL

    $ echo my-deployment.vercel.app | vercel inspect

  - Wait up to 90 seconds for deployment to complete

    $ vercel inspect my-deployment.vercel.app --wait --timeout 90s

  - Get deployment build logs

    $ vercel inspect my-deployment.vercel.app --logs


============================================================
[2025-08-18 14:55:58] 更新描述:
更新瑜珈頁面改為測試旋轉功能
>>> git add .


>>> git commit -m '更新瑜珈頁面改為測試旋轉功能'
[main 0dfef95] '更新瑜珈頁面改為測試旋轉功能'
 2 files changed, 223 insertions(+), 165 deletions(-)


>>> git push origin main
To https://github.com/eric761231/SatirIceBergWeb.git
   365b084..0dfef95  main -> main


>>> vercel ls
Vercel CLI 46.0.1
Retrieving project…
Fetching deployments in eric761231s-projects
> No deployments found.


>>> vercel inspect
Vercel CLI 46.0.1
Error: `vercel inspect <url>` expects exactly one argument

  ▲ vercel inspect url|deploymentId [options]

  Show information about a deployment.                                          

  Options:

  -l,  --logs            Prints the build logs instead of the deployment summary     
       --timeout <TIME>  Time to wait for deployment completion [3m]                 
       --wait            Blocks until deployment completes                           


  Global Options:

       --cwd <DIR>            Sets the current working directory for a single   
                              run of a command                                  
  -d,  --debug                Debug mode (default off)                          
  -Q,  --global-config <DIR>  Path to the global `.vercel` directory            
  -h,  --help                 Output usage information                          
  -A,  --local-config <FILE>  Path to the local `vercel.json` file              
       --no-color             No color mode (default off)                       
  -S,  --scope                Set a custom scope                                
  -t,  --token <TOKEN>        Login token                                       
  -v,  --version              Output the version number                         


  Examples:

  - Get information about a deployment by its unique URL

    $ vercel inspect my-deployment-ji2fjij2.vercel.app

  - Get information about the deployment an alias points to

    $ vercel inspect my-deployment.vercel.app

  - Get information about a deployment by piping in the URL

    $ echo my-deployment.vercel.app | vercel inspect

  - Wait up to 90 seconds for deployment to complete

    $ vercel inspect my-deployment.vercel.app --wait --timeout 90s

  - Get deployment build logs

    $ vercel inspect my-deployment.vercel.app --logs


============================================================
[2025-08-18 15:02:18] 更新描述:
更新瑜珈頁面改為測試旋轉功能
>>> git add .


>>> git commit -m '更新瑜珈頁面改為測試旋轉功能'
[main e812630] '更新瑜珈頁面改為測試旋轉功能'
 2 files changed, 103 insertions(+), 78 deletions(-)


>>> git push origin main
To https://github.com/eric761231/SatirIceBergWeb.git
   0dfef95..e812630  main -> main


>>> vercel ls
Vercel CLI 46.0.1
Retrieving project…
Fetching deployments in eric761231s-projects
> No deployments found.


>>> vercel inspect
Vercel CLI 46.0.1
Error: `vercel inspect <url>` expects exactly one argument

  ▲ vercel inspect url|deploymentId [options]

  Show information about a deployment.                                          

  Options:

  -l,  --logs            Prints the build logs instead of the deployment summary     
       --timeout <TIME>  Time to wait for deployment completion [3m]                 
       --wait            Blocks until deployment completes                           


  Global Options:

       --cwd <DIR>            Sets the current working directory for a single   
                              run of a command                                  
  -d,  --debug                Debug mode (default off)                          
  -Q,  --global-config <DIR>  Path to the global `.vercel` directory            
  -h,  --help                 Output usage information                          
  -A,  --local-config <FILE>  Path to the local `vercel.json` file              
       --no-color             No color mode (default off)                       
  -S,  --scope                Set a custom scope                                
  -t,  --token <TOKEN>        Login token                                       
  -v,  --version              Output the version number                         


  Examples:

  - Get information about a deployment by its unique URL

    $ vercel inspect my-deployment-ji2fjij2.vercel.app

  - Get information about the deployment an alias points to

    $ vercel inspect my-deployment.vercel.app

  - Get information about a deployment by piping in the URL

    $ echo my-deployment.vercel.app | vercel inspect

  - Wait up to 90 seconds for deployment to complete

    $ vercel inspect my-deployment.vercel.app --wait --timeout 90s

  - Get deployment build logs

    $ vercel inspect my-deployment.vercel.app --logs


============================================================
[2025-08-18 15:24:02] 更新描述:
更新瑜珈頁面改為測試旋轉功能2
>>> git add .


>>> git commit -m '更新瑜珈頁面改為測試旋轉功能2'
[main f0556d4] '更新瑜珈頁面改為測試旋轉功能2'
 2 files changed, 124 insertions(+), 65 deletions(-)


>>> git push origin main
To https://github.com/eric761231/SatirIceBergWeb.git
   e812630..f0556d4  main -> main


>>> vercel ls
Vercel CLI 46.0.1
Retrieving project…
Fetching deployments in eric761231s-projects
> No deployments found.


>>> vercel inspect
Vercel CLI 46.0.1
Error: `vercel inspect <url>` expects exactly one argument

  ▲ vercel inspect url|deploymentId [options]

  Show information about a deployment.                                          

  Options:

  -l,  --logs            Prints the build logs instead of the deployment summary     
       --timeout <TIME>  Time to wait for deployment completion [3m]                 
       --wait            Blocks until deployment completes                           


  Global Options:

       --cwd <DIR>            Sets the current working directory for a single   
                              run of a command                                  
  -d,  --debug                Debug mode (default off)                          
  -Q,  --global-config <DIR>  Path to the global `.vercel` directory            
  -h,  --help                 Output usage information                          
  -A,  --local-config <FILE>  Path to the local `vercel.json` file              
       --no-color             No color mode (default off)                       
  -S,  --scope                Set a custom scope                                
  -t,  --token <TOKEN>        Login token                                       
  -v,  --version              Output the version number                         


  Examples:

  - Get information about a deployment by its unique URL

    $ vercel inspect my-deployment-ji2fjij2.vercel.app

  - Get information about the deployment an alias points to

    $ vercel inspect my-deployment.vercel.app

  - Get information about a deployment by piping in the URL

    $ echo my-deployment.vercel.app | vercel inspect

  - Wait up to 90 seconds for deployment to complete

    $ vercel inspect my-deployment.vercel.app --wait --timeout 90s

  - Get deployment build logs

    $ vercel inspect my-deployment.vercel.app --logs


============================================================
[2025-08-18 19:00:30] 更新描述:
更新所有頁面左側邊欄統一
>>> git add .
warning: in the working copy of 'index.html', LF will be replaced by CRLF the next time Git touches it


>>> git commit -m '更新所有頁面左側邊欄統一'
[main 6bf019d] '更新所有頁面左側邊欄統一'
 8 files changed, 2520 insertions(+), 1462 deletions(-)


>>> git push origin main
To https://github.com/eric761231/SatirIceBergWeb.git
   f0556d4..6bf019d  main -> main


>>> vercel ls
Vercel CLI 46.0.1
Retrieving project…
Fetching deployments in eric761231s-projects
> No deployments found.


>>> vercel inspect
Vercel CLI 46.0.1
Error: `vercel inspect <url>` expects exactly one argument

  ▲ vercel inspect url|deploymentId [options]

  Show information about a deployment.                                          

  Options:

  -l,  --logs            Prints the build logs instead of the deployment summary     
       --timeout <TIME>  Time to wait for deployment completion [3m]                 
       --wait            Blocks until deployment completes                           


  Global Options:

       --cwd <DIR>            Sets the current working directory for a single   
                              run of a command                                  
  -d,  --debug                Debug mode (default off)                          
  -Q,  --global-config <DIR>  Path to the global `.vercel` directory            
  -h,  --help                 Output usage information                          
  -A,  --local-config <FILE>  Path to the local `vercel.json` file              
       --no-color             No color mode (default off)                       
  -S,  --scope                Set a custom scope                                
  -t,  --token <TOKEN>        Login token                                       
  -v,  --version              Output the version number                         


  Examples:

  - Get information about a deployment by its unique URL

    $ vercel inspect my-deployment-ji2fjij2.vercel.app

  - Get information about the deployment an alias points to

    $ vercel inspect my-deployment.vercel.app

  - Get information about a deployment by piping in the URL

    $ echo my-deployment.vercel.app | vercel inspect

  - Wait up to 90 seconds for deployment to complete

    $ vercel inspect my-deployment.vercel.app --wait --timeout 90s

  - Get deployment build logs

    $ vercel inspect my-deployment.vercel.app --logs


============================================================
[2025-08-18 20:01:53] 更新描述:
優化手機板所有頁面左側邊欄
>>> git add .


>>> git commit -m '優化手機板所有頁面左側邊欄'
[main 9ca6453] '優化手機板所有頁面左側邊欄'
 5 files changed, 257 insertions(+)


>>> git push origin main
To https://github.com/eric761231/SatirIceBergWeb.git
   6bf019d..9ca6453  main -> main


>>> vercel ls
Vercel CLI 46.0.1
Retrieving project…
Fetching deployments in eric761231s-projects
> No deployments found.


>>> vercel inspect
Vercel CLI 46.0.1
Error: `vercel inspect <url>` expects exactly one argument

  ▲ vercel inspect url|deploymentId [options]

  Show information about a deployment.                                          

  Options:

  -l,  --logs            Prints the build logs instead of the deployment summary     
       --timeout <TIME>  Time to wait for deployment completion [3m]                 
       --wait            Blocks until deployment completes                           


  Global Options:

       --cwd <DIR>            Sets the current working directory for a single   
                              run of a command                                  
  -d,  --debug                Debug mode (default off)                          
  -Q,  --global-config <DIR>  Path to the global `.vercel` directory            
  -h,  --help                 Output usage information                          
  -A,  --local-config <FILE>  Path to the local `vercel.json` file              
       --no-color             No color mode (default off)                       
  -S,  --scope                Set a custom scope                                
  -t,  --token <TOKEN>        Login token                                       
  -v,  --version              Output the version number                         


  Examples:

  - Get information about a deployment by its unique URL

    $ vercel inspect my-deployment-ji2fjij2.vercel.app

  - Get information about the deployment an alias points to

    $ vercel inspect my-deployment.vercel.app

  - Get information about a deployment by piping in the URL

    $ echo my-deployment.vercel.app | vercel inspect

  - Wait up to 90 seconds for deployment to complete

    $ vercel inspect my-deployment.vercel.app --wait --timeout 90s

  - Get deployment build logs

    $ vercel inspect my-deployment.vercel.app --logs


============================================================
[2025-08-18 20:47:27] 更新描述:
更新瑜珈影片頁面
>>> git add .


>>> git commit -m '更新瑜珈影片頁面'
[main 3f59042] '更新瑜珈影片頁面'
 6 files changed, 468 insertions(+), 794 deletions(-)


>>> git push origin main
To https://github.com/eric761231/SatirIceBergWeb.git
   9ca6453..3f59042  main -> main


>>> vercel ls
Vercel CLI 46.0.1
Retrieving project…
Fetching deployments in eric761231s-projects
> No deployments found.


>>> vercel inspect
Vercel CLI 46.0.1
Error: `vercel inspect <url>` expects exactly one argument

  ▲ vercel inspect url|deploymentId [options]

  Show information about a deployment.                                          

  Options:

  -l,  --logs            Prints the build logs instead of the deployment summary     
       --timeout <TIME>  Time to wait for deployment completion [3m]                 
       --wait            Blocks until deployment completes                           


  Global Options:

       --cwd <DIR>            Sets the current working directory for a single   
                              run of a command                                  
  -d,  --debug                Debug mode (default off)                          
  -Q,  --global-config <DIR>  Path to the global `.vercel` directory            
  -h,  --help                 Output usage information                          
  -A,  --local-config <FILE>  Path to the local `vercel.json` file              
       --no-color             No color mode (default off)                       
  -S,  --scope                Set a custom scope                                
  -t,  --token <TOKEN>        Login token                                       
  -v,  --version              Output the version number                         


  Examples:

  - Get information about a deployment by its unique URL

    $ vercel inspect my-deployment-ji2fjij2.vercel.app

  - Get information about the deployment an alias points to

    $ vercel inspect my-deployment.vercel.app

  - Get information about a deployment by piping in the URL

    $ echo my-deployment.vercel.app | vercel inspect

  - Wait up to 90 seconds for deployment to complete

    $ vercel inspect my-deployment.vercel.app --wait --timeout 90s

  - Get deployment build logs

    $ vercel inspect my-deployment.vercel.app --logs


============================================================
